// Jest Snapshot v1, https://goo.gl/fbAQLP

exports[`DateWidget matches snapshot 1`] = `
<DocumentFragment>
  <div
    class="sc-bdVaJa djLaIN"
  >
    <label
      class="sc-bwzfXH gezcZz"
      for="field-undefined"
    >
      <span
        class="label"
      >
        Date of Birth
      </span>
      <input
        id="field-undefined"
        type="datetime-local"
        value=""
      />
    </label>
  </div>
</DocumentFragment>
`;
