// Jest Snapshot v1, https://goo.gl/fbAQLP

exports[`TextWidget matches snapshot 1`] = `
<DocumentFragment>
  <div
    class="sc-fjdhpX fQffyr"
  >
    <label
      class="sc-gZMcBi giNnHm"
      for="field-undefined"
    >
      <div
        class="sc-jTzLTM jXxOTJ"
      >
        First Name
      </div>
      <input
        class="sc-VigVT dQqCzP"
        id="field-undefined"
        type="text"
        value=""
      />
    </label>
  </div>
</DocumentFragment>
`;
