// Jest Snapshot v1, https://goo.gl/fbAQLP

exports[`RadioWidget matches snapshot 1`] = `
<DocumentFragment>
  <div
    class="sc-kgoBCf iTvLnm sc-gZMcBi elkPFK"
  >
    <div
      class="sc-kAzzGY PNMAR sc-iwsKbI lozmY"
    >
      email
    </div>
    <label
      class="sc-cSHVUG cbwAoo sc-gzVnrw ibZhkv"
      for="field-undefined-female"
    >
      <div
        class="sc-chPdSV dlLgJc"
      >
        Female
      </div>
      <input
        class="sc-dnqmqq FidME"
        id="field-undefined-female"
        type="radio"
        value="0"
      />
    </label>
    <label
      class="sc-cSHVUG cbwAoo sc-gzVnrw ibZhkv"
      for="field-undefined-male"
    >
      <div
        class="sc-chPdSV dlLgJc"
      >
        Male
      </div>
      <input
        class="sc-dnqmqq FidME"
        id="field-undefined-male"
        type="radio"
        value="1"
      />
    </label>
    <label
      class="sc-cSHVUG cbwAoo sc-gzVnrw ibZhkv"
      for="field-undefined-non-binary"
    >
      <div
        class="sc-chPdSV dlLgJc"
      >
        Non-Binary
      </div>
      <input
        class="sc-dnqmqq FidME"
        id="field-undefined-non-binary"
        type="radio"
        value="2"
      />
    </label>
  </div>
</DocumentFragment>
`;
