// Jest Snapshot v1, https://goo.gl/fbAQLP

exports[`EmailWidget matches snapshot 1`] = `
<DocumentFragment>
  <div
    class="sc-bdVaJa djLaIN"
  >
    <label
      class="sc-bwzfXH gezcZz"
      for="field-undefined"
    >
      <span
        class="label"
      >
        Date of Birth
      </span>
      <input
        id="field-undefined"
        type="email"
        value="Thu Jan 01 1970 01:00:00 GMT+0100 (Central European Standard Time)"
      />
    </label>
  </div>
</DocumentFragment>
`;
